Warning: You are sending unauthenticated requests to the HF Hub. Please set a HF_TOKEN to enable higher rate limits and faster downloads.
device: cuda
  GPU: NVIDIA GeForce GTX 1660 Ti  (6.4 GB)
  train           4502  (2251 ai / 2251 real)
  val              750  (375 ai / 375 real)
  test             752  (376 ai / 376 real)
  test_heldout    1996  (998 ai / 998 real)
Loading weights:   0%|          | 0/223 [00:00<?, ?it/s]Loading weights: 100%|##########| 223/223 [00:00<00:00, 5685.27it/s]
D:\UnDiffused-AI\scripts\train\finetune_gpu.py:273: UserWarning: Detected call of `lr_scheduler.step()` before `optimizer.step()`. In PyTorch 1.1.0 and later, you should call them in the opposite order: `optimizer.step()` before `lr_scheduler.step()`.  Failure to do this will result in PyTorch skipping the first value of the learning rate schedule. See more details at https://pytorch.org/docs/stable/optim.html#how-to-adjust-learning-rate
  sched.step()
C:\Users\aksha\AppData\Roaming\Python\Python314\site-packages\PIL\Image.py:1137: UserWarning: Palette images with Transparency expressed in bytes should be converted to RGBA images
  warnings.warn(
C:\Users\aksha\AppData\Roaming\Python\Python314\site-packages\PIL\Image.py:1137: UserWarning: Palette images with Transparency expressed in bytes should be converted to RGBA images
  warnings.warn(
C:\Users\aksha\AppData\Roaming\Python\Python314\site-packages\PIL\Image.py:1137: UserWarning: Palette images with Transparency expressed in bytes should be converted to RGBA images
  warnings.warn(
  trainable params: 7.10M of 22.06M
epoch  1  loss 0.5922  val AUROC 0.9142  acc 0.837  (263s)
C:\Users\aksha\AppData\Roaming\Python\Python314\site-packages\PIL\Image.py:1137: UserWarning: Palette images with Transparency expressed in bytes should be converted to RGBA images
  warnings.warn(
C:\Users\aksha\AppData\Roaming\Python\Python314\site-packages\PIL\Image.py:1137: UserWarning: Palette images with Transparency expressed in bytes should be converted to RGBA images
  warnings.warn(
C:\Users\aksha\AppData\Roaming\Python\Python314\site-packages\PIL\Image.py:1137: UserWarning: Palette images with Transparency expressed in bytes should be converted to RGBA images
  warnings.warn(
    saved new best
epoch  2  loss 0.3293  val AUROC 0.9373  acc 0.855  (260s)
C:\Users\aksha\AppData\Roaming\Python\Python314\site-packages\PIL\Image.py:1137: UserWarning: Palette images with Transparency expressed in bytes should be converted to RGBA images
  warnings.warn(
C:\Users\aksha\AppData\Roaming\Python\Python314\site-packages\PIL\Image.py:1137: UserWarning: Palette images with Transparency expressed in bytes should be converted to RGBA images
  warnings.warn(
C:\Users\aksha\AppData\Roaming\Python\Python314\site-packages\PIL\Image.py:1137: UserWarning: Palette images with Transparency expressed in bytes should be converted to RGBA images
  warnings.warn(
C:\Users\aksha\AppData\Roaming\Python\Python314\site-packages\PIL\Image.py:1137: UserWarning: Palette images with Transparency expressed in bytes should be converted to RGBA images
  warnings.warn(
    saved new best
epoch  3  loss 0.2145  val AUROC 0.9458  acc 0.873  (280s)
C:\Users\aksha\AppData\Roaming\Python\Python314\site-packages\PIL\Image.py:1137: UserWarning: Palette images with Transparency expressed in bytes should be converted to RGBA images
  warnings.warn(
C:\Users\aksha\AppData\Roaming\Python\Python314\site-packages\PIL\Image.py:1137: UserWarning: Palette images with Transparency expressed in bytes should be converted to RGBA images
  warnings.warn(
C:\Users\aksha\AppData\Roaming\Python\Python314\site-packages\PIL\Image.py:1137: UserWarning: Palette images with Transparency expressed in bytes should be converted to RGBA images
  warnings.warn(
    saved new best
epoch  4  loss 0.1188  val AUROC 0.9616  acc 0.868  (262s)
C:\Users\aksha\AppData\Roaming\Python\Python314\site-packages\PIL\Image.py:1137: UserWarning: Palette images with Transparency expressed in bytes should be converted to RGBA images
  warnings.warn(
C:\Users\aksha\AppData\Roaming\Python\Python314\site-packages\PIL\Image.py:1137: UserWarning: Palette images with Transparency expressed in bytes should be converted to RGBA images
  warnings.warn(
C:\Users\aksha\AppData\Roaming\Python\Python314\site-packages\PIL\Image.py:1137: UserWarning: Palette images with Transparency expressed in bytes should be converted to RGBA images
  warnings.warn(
    saved new best
epoch  5  loss 0.0478  val AUROC 0.9696  acc 0.911  (261s)
C:\Users\aksha\AppData\Roaming\Python\Python314\site-packages\PIL\Image.py:1137: UserWarning: Palette images with Transparency expressed in bytes should be converted to RGBA images
  warnings.warn(
C:\Users\aksha\AppData\Roaming\Python\Python314\site-packages\PIL\Image.py:1137: UserWarning: Palette images with Transparency expressed in bytes should be converted to RGBA images
  warnings.warn(
C:\Users\aksha\AppData\Roaming\Python\Python314\site-packages\PIL\Image.py:1137: UserWarning: Palette images with Transparency expressed in bytes should be converted to RGBA images
  warnings.warn(
    saved new best
epoch  6  loss 0.0146  val AUROC 0.9684  acc 0.904  (261s)
C:\Users\aksha\AppData\Roaming\Python\Python314\site-packages\PIL\Image.py:1137: UserWarning: Palette images with Transparency expressed in bytes should be converted to RGBA images
  warnings.warn(
C:\Users\aksha\AppData\Roaming\Python\Python314\site-packages\PIL\Image.py:1137: UserWarning: Palette images with Transparency expressed in bytes should be converted to RGBA images
  warnings.warn(
C:\Users\aksha\AppData\Roaming\Python\Python314\site-packages\PIL\Image.py:1137: UserWarning: Palette images with Transparency expressed in bytes should be converted to RGBA images
  warnings.warn(
epoch  7  loss 0.0055  val AUROC 0.9689  acc 0.909  (261s)
C:\Users\aksha\AppData\Roaming\Python\Python314\site-packages\PIL\Image.py:1137: UserWarning: Palette images with Transparency expressed in bytes should be converted to RGBA images
  warnings.warn(
C:\Users\aksha\AppData\Roaming\Python\Python314\site-packages\PIL\Image.py:1137: UserWarning: Palette images with Transparency expressed in bytes should be converted to RGBA images
  warnings.warn(
C:\Users\aksha\AppData\Roaming\Python\Python314\site-packages\PIL\Image.py:1137: UserWarning: Palette images with Transparency expressed in bytes should be converted to RGBA images
  warnings.warn(
epoch  8  loss 0.0041  val AUROC 0.9690  acc 0.912  (261s)
C:\Users\aksha\AppData\Roaming\Python\Python314\site-packages\PIL\Image.py:1137: UserWarning: Palette images with Transparency expressed in bytes should be converted to RGBA images
  warnings.warn(
C:\Users\aksha\AppData\Roaming\Python\Python314\site-packages\PIL\Image.py:1137: UserWarning: Palette images with Transparency expressed in bytes should be converted to RGBA images
  warnings.warn(
val            AUROC 0.9696  acc 0.9107
test           AUROC 0.9602  acc 0.8830
test_heldout   AUROC 0.9720  acc 0.9103

Wrote models\v2\training_report.json
Checkpoint: models\v2\detector_best.pt
